valve\decals.wad,162844,1152
valve\maps\bounce.bsp
valve\maps\bounce.bsp
valve\maps\bounce.bsp
valve\maps\bounce.bsp
valve\maps\bounce.bsp
valve\maps\bounce.bsp
valve\maps\bounce.bsp
valve\maps\bounce.bsp
valve\maps\bounce.bsp
valve\maps\bounce.bsp
valve\maps\bounce.bsp
valve\maps\bounce.bsp
valve\maps\bounce.bsp
valve\maps\bounce.bsp
valve\maps\bounce.bsp
valve\maps\bounce.bsp
valve\maps\bounce.bsp
valve\maps\bounce.bsp
valve\maps\bounce.bsp
valve\maps\bounce.bsp
valve\maps\bounce.bsp
valve\maps\bounce.bsp
valve\maps\bounce.bsp
valve\maps\bounce.bsp
valve\maps\bounce.bsp
valve\maps\bounce.bsp
valve\maps\bounce.bsp
valve\maps\bounce.bsp
valve\maps\bounce.bsp
valve\maps\bounce.bsp
valve\maps\bounce.bsp
valve\maps\bounce.bsp
valve\maps\bounce.bsp
valve\maps\bounce.bsp
valve\maps\bounce.bsp
valve\maps\bounce.bsp
valve\maps\bounce.bsp
valve\maps\bounce.bsp
valve\maps\bounce.bsp
valve\maps\bounce.bsp
valve\maps\bounce.bsp
valve\maps\bounce.bsp
valve\sound\doors\aliendoor3.wav
valve\halflife.wad,608320,1152
valve\halflife.wad,1740132,1152
valve\halflife.wad,2507440,19172
valve\halflife.wad,2598596,34812
valve\halflife.wad,4023760,19172
valve\halflife.wad,4114916,34812
valve\halflife.wad,5427428,19172
valve\halflife.wad,5499412,34812
valve\halflife.wad,6357276,19172
valve\halflife.wad,6387592,34812
valve\halflife.wad,6756052,34812
valve\halflife.wad,9470708,28012
valve\halflife.wad,9612940,28012
valve\halflife.wad,10102724,22572
valve\halflife.wad,11608256,28012
valve\halflife.wad,16281856,22572
valve\halflife.wad,20274404,22572
valve\halflife.wad,21088380,11692
valve\halflife.wad,24133628,22572
valve\halflife.wad,28218044,34812
valve\halflife.wad,28319760,22572
valve\halflife.wad,28990324,22572
valve\halflife.wad,29154032,55212
valve\halflife.wad,29598576,25292
valve\halflife.wad,33272308,2172
valve\halflife.wad,36531772,6252
valve\halflife.wad,36606740,6252
valve\halflife.wad,36633240,11692
valve\gfx\env\2desertrt.bmp
valve\gfx\env\2desertrt.bmp
valve\gfx\env\2desertbk.bmp
valve\gfx\env\2desertbk.bmp
valve\gfx\env\2desertlf.bmp
valve\gfx\env\2desertlf.bmp
valve\gfx\env\2desertft.bmp
valve\gfx\env\2desertft.bmp
valve\gfx\env\2desertup.bmp
valve\gfx\env\2desertup.bmp
valve\gfx\env\2desertdn.bmp
valve\gfx\env\2desertdn.bmp
