valve\maps\c0a0.bsp
valve\maps\graphs\c0a0.nod
valve\sound\buttons\latchunlocked2.wav
valve\sound\scientist\freemanalive.wav
valve\sound\scientist\goodtoseeyou.wav
valve\mapcycle.txt
valve\scripts\voicemodel.txt
valve\1024_textscheme.txt
valve\640_textscheme.txt
valve\sound\items\gunpickup2.wav
valve\sound\items\9mmclip1.wav
valve\sound\weapons\dbarrel1.wav
valve\sound\weapons\sbarrel1.wav
valve\sound\weapons\reload1.wav
valve\sound\weapons\reload3.wav
valve\sound\weapons\357_cock1.wav
valve\sound\weapons\scock1.wav
valve\sound\weapons\cbar_hit1.wav
valve\sound\weapons\cbar_hit2.wav
valve\sound\weapons\cbar_hitbod1.wav
valve\sound\weapons\cbar_hitbod2.wav
valve\sound\weapons\cbar_hitbod3.wav
valve\sound\weapons\cbar_miss1.wav
valve\sound\items\9mmclip2.wav
valve\sound\weapons\pl_gun1.wav
valve\sound\weapons\pl_gun2.wav
valve\sound\weapons\pl_gun3.wav
valve\sound\items\clipinsert1.wav
valve\sound\items\cliprelease1.wav
valve\sound\weapons\hks1.wav
valve\sound\weapons\hks2.wav
valve\sound\weapons\hks3.wav
valve\sound\weapons\glauncher.wav
valve\sound\weapons\glauncher2.wav
valve\sound\weapons\357_reload1.wav
valve\sound\weapons\357_shot1.wav
valve\sound\weapons\357_shot2.wav
valve\sound\weapons\gauss2.wav
valve\sound\weapons\electro4.wav
valve\sound\weapons\electro5.wav
valve\sound\weapons\electro6.wav
valve\sound\ambience\pulsemachine.wav
valve\sound\weapons\rocket1.wav
valve\sound\weapons\rocketfire1.wav
valve\sound\weapons\xbow_fire1.wav
valve\sound\weapons\xbow_reload1.wav
valve\sound\weapons\xbow_hitbod1.wav
valve\sound\weapons\xbow_hitbod2.wav
valve\sound\weapons\xbow_fly1.wav
valve\sound\weapons\xbow_hit1.wav
valve\sound\fvox\beep.wav
valve\sound\weapons\egon_off1.wav
valve\sound\weapons\egon_run3.wav
valve\sound\weapons\egon_windup2.wav
valve\sound\weapons\mine_deploy.wav
valve\sound\weapons\mine_activate.wav
valve\sound\weapons\mine_charge.wav
valve\sound\weapons\g_bounce1.wav
valve\sound\weapons\g_bounce2.wav
valve\sound\weapons\g_bounce3.wav
valve\sound\squeek\sqk_hunt2.wav
valve\sound\squeek\sqk_hunt3.wav
valve\sound\squeek\sqk_blast1.wav
valve\sound\common\bodysplat.wav
valve\sound\squeek\sqk_die1.wav
valve\sound\squeek\sqk_hunt1.wav
valve\sound\squeek\sqk_deploy1.wav
valve\sound\agrunt\ag_fire1.wav
valve\sound\agrunt\ag_fire2.wav
valve\sound\agrunt\ag_fire3.wav
valve\sound\hornet\ag_buzz1.wav
valve\sound\hornet\ag_buzz2.wav
valve\sound\hornet\ag_buzz3.wav
valve\sound\hornet\ag_hornethit1.wav
valve\sound\hornet\ag_hornethit2.wav
valve\sound\hornet\ag_hornethit3.wav
valve\sound\weapons\debris1.wav
valve\sound\weapons\debris2.wav
valve\sound\weapons\debris3.wav
valve\sound\weapons\grenade_hit1.wav
valve\sound\weapons\grenade_hit2.wav
valve\sound\weapons\grenade_hit3.wav
valve\sound\weapons\bullet_hit1.wav
valve\sound\weapons\bullet_hit2.wav
valve\sound\items\weapondrop1.wav
valve\sound\player\sprayer.wav
valve\sound\player\pl_fallpain2.wav
valve\sound\player\pl_fallpain3.wav
valve\sound\player\pl_step1.wav
valve\sound\player\pl_step2.wav
valve\sound\player\pl_step3.wav
valve\sound\player\pl_step4.wav
valve\sound\common\npc_step1.wav
valve\sound\common\npc_step2.wav
valve\sound\common\npc_step3.wav
valve\sound\common\npc_step4.wav
valve\sound\player\pl_metal1.wav
valve\sound\player\pl_metal2.wav
valve\sound\player\pl_metal3.wav
valve\sound\player\pl_metal4.wav
valve\sound\player\pl_dirt1.wav
valve\sound\player\pl_dirt2.wav
valve\sound\player\pl_dirt3.wav
valve\sound\player\pl_dirt4.wav
valve\sound\player\pl_duct1.wav
valve\sound\player\pl_duct2.wav
valve\sound\player\pl_duct3.wav
valve\sound\player\pl_duct4.wav
valve\sound\player\pl_grate1.wav
valve\sound\player\pl_grate2.wav
valve\sound\player\pl_grate3.wav
valve\sound\player\pl_grate4.wav
valve\sound\player\pl_slosh1.wav
valve\sound\player\pl_slosh2.wav
valve\sound\player\pl_slosh3.wav
valve\sound\player\pl_slosh4.wav
valve\sound\player\pl_tile1.wav
valve\sound\player\pl_tile2.wav
valve\sound\player\pl_tile3.wav
valve\sound\player\pl_tile4.wav
valve\sound\player\pl_tile5.wav
valve\sound\player\pl_swim1.wav
valve\sound\player\pl_swim2.wav
valve\sound\player\pl_swim3.wav
valve\sound\player\pl_swim4.wav
valve\sound\player\pl_ladder1.wav
valve\sound\player\pl_ladder2.wav
valve\sound\player\pl_ladder3.wav
valve\sound\player\pl_ladder4.wav
valve\sound\player\pl_wade1.wav
valve\sound\player\pl_wade2.wav
valve\sound\player\pl_wade3.wav
valve\sound\player\pl_wade4.wav
valve\sound\plats\train_use1.wav
valve\sound\buttons\spark5.wav
valve\sound\buttons\spark6.wav
valve\sound\items\flashlight1.wav
valve\sound\player\pl_pain2.wav
valve\sound\player\pl_pain4.wav
valve\sound\player\pl_pain5.wav
valve\sound\player\pl_pain6.wav
valve\sound\player\pl_pain7.wav
valve\sound\common\wpn_hudoff.wav
valve\sound\common\wpn_hudon.wav
valve\sound\common\wpn_moveselect.wav
valve\sound\common\wpn_select.wav
valve\sound\common\wpn_denyselect.wav
valve\sound\common\null.wav
valve\sound\items\suitchargeok1.wav
valve\sound\common\bodydrop3.wav
valve\sound\common\bodydrop4.wav
valve\sound\scientist\sci_pain1.wav
valve\sound\scientist\sci_pain2.wav
valve\sound\scientist\sci_pain3.wav
valve\sound\scientist\sci_pain4.wav
valve\sound\scientist\sci_pain5.wav
valve\sound\debris\bustglass1.wav
valve\sound\debris\bustglass2.wav
valve\sound\barney\ba_attack1.wav
valve\sound\barney\ba_attack2.wav
valve\sound\barney\ba_pain1.wav
valve\sound\barney\ba_pain2.wav
valve\sound\barney\ba_pain3.wav
valve\sound\barney\ba_die1.wav
valve\sound\barney\ba_die2.wav
valve\sound\barney\ba_die3.wav
valve\sound\plats\ttrain1.wav
valve\sound\plats\ttrain_brake1.wav
valve\sound\plats\ttrain_start1.wav
valve\sound\doors\doormove1.wav
valve\sound\doors\doorstop6.wav
valve\sound\tride\c0a0_tr_gmorn.wav
valve\sound\tride\c0a0_tr_time.wav
valve\sound\scientist\hellothere.wav