valve\sound\scientist\purereadings.wav
valve\sound\barney\c1a0_ba_hevno.wav
valve\sound\vox\access.wav
valve\sound\vox\denied.wav
valve\sound\scientist\thatsodd.wav
valve\sound\scientist\reportflux.wav
valve\sound\scientist\hopenominal.wav
valve\sound\scientist\shutdownchart.wav
valve\sound\fvox\bell.wav
valve\sound\fvox\HEV_logon.wav
valve\sound\fvox\powerarmor_on.wav
valve\sound\scientist\runtest.wav
valve\sound\fvox\fuzz.wav
valve\sound\fvox\power_restored.wav
valve\sound\fvox\fifteen.wav
valve\sound\fvox\percent.wav
valve\sound\fvox\atmospherics_on.wav
valve\sound\fvox\vitalsigns_on.wav
valve\sound\fvox\automedic_on.wav
valve\sound\fvox\weaponselect_on.wav
valve\sound\scientist\limitsok.wav
valve\sound\fvox\munitionview_on.wav
valve\sound\fvox\communications_on.wav
valve\sound\fvox\safe_day.wav
valve\sound\barney\c1a0_ba_hevyes.wav
valve\maps\c1a0d.bsp
valve\maps\graphs\c1a0d.nod
valve\media\Half-Life12.mp3
valve\sound\ambience\mechwhine.wav
valve\sound\buttons\button8.wav
valve\sound\doors\doormove5.wav
valve\sound\debris\bustflesh1.wav
valve\sound\debris\bustflesh2.wav
valve\sound\buttons\button4.wav
valve\sound\doors\doormove10.wav
valve\sound\ambience\industrial4.wav
valve\sound\buttons\button7.wav
valve\sound\buttons\button2.wav
valve\sound\scientist\weartie.wav
