valve\gfx\shell\cb_disabled.bmp
valve\gfx\shell\cb_checked.bmp
valve\gfx\shell\cb_down.bmp
valve\gfx\shell\cb_empty.bmp
valve\gfx\shell\cb_over.bmp
valve\media\half-life07.mp3
valve\sound\scientist\excellentteam.wav
valve\sound\scientist\reconsider.wav
valve\sound\scientist\fine.wav
valve\sound\scientist\whyleavehere.wav
valve\sound\scientist\letsgo.wav
valve\sound\scientist\beenaburden.wav
valve\sound\scientist\fellowscientist.wav
valve\sound\scientist\istay.wav
valve\sound\scientist\yes3.wav
valve\sound\scientist\slowingyou.wav
valve\sound\scientist\yesletsgo.wav
valve\sound\scientist\illwait.wav
valve\sound\scientist\alright.wav
valve\sound\scientist\illwaithere.wav
valve\sound\scientist\hopeyouknow.wav
valve\sound\scientist\leadtheway.wav
valve\sound\vox\no.wav
valve\sound\vox\unauthorized.wav
valve\sound\vox\personnel.wav
valve\sound\scientist\c1a1_sci_1scan.wav
valve\sound\scientist\c1a1_sci_2scan.wav
valve\sound\scientist\c1a1_sci_3scan.wav
valve\sound\scientist\c1a1_sci_4scan.wav
valve\sound\scientist\lambdalab.wav
valve\sound\scientist\ihearsomething.wav
valve\sound\scientist\administrator.wav
valve\sound\scientist\nogrant.wav
valve\sound\scientist\bloodsample.wav
valve\sound\scientist\chaostheory.wav
valve\sound\scientist\howinteresting.wav
valve\sound\scientist\improbable.wav
valve\sound\scientist\organicmatter.wav
valve\sound\scientist\neverseen.wav
valve\sound\scientist\leadtheway.wav
valve\maps\c1a0c.bsp
valve\maps\graphs\c1a0c.nod
valve\sound\ambience\deadsignal2.wav
valve\sound\plats\freightmove2.wav
valve\sound\items\smallmedkit1.wav
valve\decals.wad,136156,8192
valve\decals.wad,122160,8192
valve\decals.wad,357068,8192
valve\decals.wad,118288,3872
valve\decals.wad,329208,8192
valve\decals.wad,93092,16384
valve\decals.wad,365756,8192
valve\decals.wad,365260,496
valve\decals.wad,764916,16384
valve\decals.wad,130352,5804
valve\decals.wad,337400,8192
valve\decals.wad,345592,8192
valve\decals.wad,80040,13052
valve\decals.wad,114416,3872
valve\decals.wad,144844,8192
valve\decals.wad,781300,16384
valve\decals.wad,167528,8192
valve\decals.wad,175720,8192
valve\decals.wad,405856,16384
valve\decals.wad,93092,9312
valve\decals.wad,365756,2172
valve\decals.wad,764916,13052
valve\decals.wad,777968,13052
valve\decals.wad,167528,3872
valve\decals.wad,405856,11692
valve\decals.wad,751864,13052
