valve\sound\vox\doop.wav
valve\sound\vox\doctor.wav
valve\sound\vox\freeman.wav
valve\sound\vox\victor.wav
valve\sound\vox\_comma.wav
valve\sound\vox\supercooled.wav
valve\sound\vox\to.wav
valve\sound\vox\laser.wav
valve\sound\vox\anomalous.wav
valve\sound\vox\materials.wav
valve\sound\vox\test.wav
valve\sound\vox\lab.wav
valve\sound\vox\immediately.wav
valve\sound\scientist\greetings.wav
valve\sound\scientist\beverage.wav
valve\sound\scientist\inconclusive.wav
valve\sound\scientist\goodtoseeyou.wav
valve\maps\c1a0a.bsp
valve\maps\graphs\c1a0a.nod
valve\sound\ambience\breather.wav
valve\sound\ambience\dronemachine1.wav
valve\sound\ambience\labdrone1.wav
valve\sound\ambience\rotormachine.wav
valve\sound\ambience\dronemachine3.wav
valve\sound\ambience\dronemachine2.wav
valve\sound\vox\doop.wav
valve\sound\vox\sargeant.wav
valve\sound\vox\bailey.wav
valve\sound\vox\_comma.wav
valve\sound\vox\to.wav
valve\sound\vox\topside.wav
valve\sound\vox\checkpoint.wav
valve\sound\vox\bravo.wav
valve\sound\vox\bloop.wav
valve\sound\vox\doctor.wav
valve\sound\vox\birdwell.wav
valve\sound\vox\reports.wav
valve\sound\vox\superconducting.wav
valve\sound\vox\interchange.wav
valve\sound\vox\is.wav
valve\sound\vox\activated.wav
valve\sound\vox\dadeda.wav
valve\sound\vox\sector.wav
valve\sound\vox\c.wav
valve\sound\vox\science.wav
valve\sound\vox\personnel.wav
valve\sound\vox\report.wav
valve\sound\vox\anomalous.wav
valve\sound\vox\materials.wav
valve\sound\vox\test.wav
valve\sound\vox\lab.wav
valve\sound\vox\black.wav
valve\sound\vox\mesa.wav
valve\sound\vox\temperature.wav
valve\sound\vox\ninety.wav
valve\sound\vox\three.wav
valve\sound\vox\degrees.wav
valve\sound\vox\freeman.wav
valve\sound\vox\immediately.wav
valve\sound\vox\attention.wav
valve\sound\vox\_period.wav
valve\sound\vox\experimental.wav
valve\sound\vox\propulsion.wav
valve\sound\vox\fire.wav
valve\sound\vox\in.wav
valve\sound\vox\minutes.wav
valve\sound\vox\shield.wav
valve\sound\vox\inspection.wav
valve\sound\vox\crew.wav
valve\sound\vox\primary.wav
valve\sound\vox\reactor.wav
valve\sound\vox\nominal.wav
valve\sound\vox\service.wav
valve\sound\vox\please.wav
valve\sound\vox\clear.wav
valve\sound\vox\helicopter.wav
valve\sound\vox\hangar.wav
valve\sound\vox\one.wav
valve\sound\vox\agent.wav
valve\sound\vox\sixteen.wav
valve\sound\vox\administration.wav
valve\sound\vox\sub.wav
valve\sound\vox\level.wav
valve\sound\vox\two.wav
valve\sound\scientist\ofcourse.wav
valve\sound\scientist\yees.wav
valve\sound\scientist\noidea.wav
valve\sound\scientist\areyouthink.wav
valve\sound\scientist\absolutely.wav
valve\sound\vox\any.wav
valve\sound\vox\security.wav
valve\sound\vox\violation.wav
valve\sound\vox\guthrie.wav
valve\sound\vox\motorpool.wav
valve\sound\vox\west.wav
valve\sound\vox\lambda.wav
valve\sound\vox\complex.wav
valve\sound\scientist\nodoubt.wav
valve\sound\vox\coomer.wav
valve\sound\vox\tactical.wav
valve\sound\vox\operations.wav
valve\sound\vox\center.wav
valve\sound\vox\and.wav
valve\sound\vox\captain.wav
valve\sound\vox\coded.wav
valve\sound\vox\command.wav
valve\sound\vox\communication.wav
valve\sound\vox\for.wav
valve\sound\vox\message.wav