valve\sound\scientist\greetings2.wav
valve\sound\scientist\greetings.wav
valve\sound\scientist\c1a0_sci_ctrl1a.wav
valve\sound\scientist\c1a0_sci_ctrl2a.wav
valve\sound\scientist\c1a0_sci_ctrl3a.wav
valve\sound\scientist\c1a0_sci_ctrl4a.wav
valve\sound\scientist\hellofreeman.wav
valve\sound\scientist\c1a0_sci_crit1a.wav
valve\sound\scientist\c1a0_sci_crit2a.wav
valve\sound\scientist\c1a0_sci_crit3a.wav
valve\sound\scientist\hello.wav
valve\sound\scientist\newsample.wav
valve\sound\scientist\ofcoursenot.wav
valve\sound\scientist\correcttheory.wav
valve\sound\scientist\yees.wav
valve\maps\c1a0b.bsp
valve\maps\graphs\c1a0b.nod
valve\sound\doors\doormove7.wav
valve\sound\ambience\labdrone2.wav
valve\sound\ambience\signalgear1.wav
valve\sound\ambience\industrial2.wav
valve\sound\debris\bustmetal1.wav
valve\sound\debris\bustmetal2.wav
valve\sound\plats\talkmove1.wav
valve\sound\plats\talkstop1.wav
valve\sound\debris\beamstart15.wav
valve\sound\debris\beamstart2.wav
valve\sound\debris\beamstart7.wav
valve\sound\scientist\scream02.wav
valve\sound\scientist\scream25.wav
valve\sound\scientist\scream01.wav
valve\sound\scientist\scream10.wav
valve\sound\ambience\siren.wav
valve\sound\ambience\particle_suck1.wav
valve\sound\ambience\particle_suck2.wav
valve\sound\ambience\zapmachine.wav
