valve\decals.wad,792172,1152
valve\decals.wad,794476,1152
valve\decals.wad,795628,1152
valve\gfx\env\xen9dn.bmp
valve\gfx\env\xen9dn.bmp
valve\gfx\env\xen9dn.bmp
valve\gfx\env\xen9dn.bmp
valve\gfx\env\xen9ft.bmp
valve\gfx\env\xen9ft.bmp
valve\gfx\env\xen9ft.bmp
valve\gfx\env\xen9ft.bmp
valve\gfx\env\xen9up.bmp
valve\gfx\env\xen9up.bmp
valve\gfx\env\xen9up.bmp
valve\gfx\env\xen9up.bmp
valve\sound\aslave\slv_alert3.wav
valve\sound\aslave\slv_alert4.wav
valve\sound\aslave\slv_word1.wav
valve\sound\aslave\slv_word7.wav
valve\sound\aslave\slv_word8.wav
valve\sound\fvox\boop.wav
valve\sound\fvox\hiss.wav
valve\sound\fvox\major_fracture.wav
valve\sound\fvox\morphine_shot.wav
valve\sound\scientist\c1a0_sci_lock1a.wav
valve\sound\scientist\c1a0_sci_lock2a.wav
valve\sound\scientist\c1a0_sci_lock3a.wav
valve\sound\scientist\c1a0_sci_lock4a.wav
valve\sound\scientist\c1a0_sci_lock5a.wav
valve\sound\scientist\c1a0_sci_lock6a.wav
valve\sound\scientist\c1a0_sci_lock7a.wav
valve\sound\scientist\c1a0_sci_lock8a.wav
valve\sound\scientist\c1a0_sci_disa.wav
valve\sound\scientist\c1a0_sci_dis1a.wav
valve\sound\scientist\c1a0_sci_dis1b.wav
valve\sound\scientist\c1a0_sci_dis1c.wav
valve\sound\scientist\c1a0_sci_dis1d.wav
valve\sound\scientist\c1a0_sci_dis2a.wav
valve\sound\scientist\c1a0_sci_dis3a.wav
valve\sound\scientist\c1a0_sci_dis5a.wav
valve\sound\scientist\c1a0_sci_dis10a.wav
valve\sound\scientist\c1a0_sci_dis9a.wav
valve\sound\scientist\c1a0_sci_dis11a.wav
valve\sound\scientist\c1a0_sci_dis6a.wav
valve\sound\scientist\c1a0_sci_dis7a.wav
valve\sound\scientist\c1a0_sci_dis13a.wav
valve\sound\scientist\c1a0_sci_dis12a.wav
valve\sound\scientist\sci_fear7.wav
valve\sound\scientist\c1a0_sci_dis16a.wav
valve\sound\scientist\c1a0_sci_dis15a.wav
valve\sound\scientist\startle1.wav
valve\sound\scientist\nooo.wav
valve\sound\aslave\slv_alert1.wav
valve\sound\aslave\slv_word5.wav
valve\sound\aslave\slv_word2.wav
valve\sound\aslave\slv_word3.wav
valve\sound\aslave\slv_word4.wav
valve\maps\c1a0e.bsp
valve\maps\graphs\c1a0e.nod
valve\sound\ambience\steamburst1.wav
valve\sound\ambience\alien_minddrill.wav
valve\sound\debris\bustconcrete1.wav
valve\sound\debris\bustconcrete2.wav
valve\sound\ambience\rocket_groan1.wav
valve\sound\ambience\rocket_groan2.wav
valve\sound\debris\beamstart10.wav
valve\sound\ambience\port_suckin1.wav
valve\sound\player\breathe1.wav
valve\sound\ambience\port_suckout1.wav
valve\sound\player\heartbeat1.wav
valve\sound\headcrab\hc_idle1.wav
valve\sound\headcrab\hc_idle2.wav
valve\sound\headcrab\hc_idle3.wav
valve\sound\headcrab\hc_alert1.wav
valve\sound\headcrab\hc_pain1.wav
valve\sound\headcrab\hc_pain2.wav
valve\sound\headcrab\hc_pain3.wav
valve\sound\headcrab\hc_attack1.wav
valve\sound\headcrab\hc_attack2.wav
valve\sound\headcrab\hc_attack3.wav
valve\sound\headcrab\hc_die1.wav
valve\sound\headcrab\hc_die2.wav
valve\sound\headcrab\hc_headbite.wav
valve\sound\debris\zap1.wav
valve\sound\debris\zap4.wav
valve\sound\hassault\hw_shoot1.wav
valve\sound\zombie\zo_pain2.wav
valve\sound\zombie\claw_strike1.wav
valve\sound\zombie\claw_strike2.wav
valve\sound\zombie\claw_strike3.wav
valve\sound\zombie\claw_miss1.wav
valve\sound\zombie\claw_miss2.wav
valve\sound\aslave\slv_pain1.wav
valve\sound\aslave\slv_pain2.wav
valve\sound\aslave\slv_die1.wav
valve\sound\aslave\slv_die2.wav
valve\sound\bullchicken\bc_attack2.wav
valve\sound\bullchicken\bc_attack3.wav
valve\sound\bullchicken\bc_die1.wav
valve\sound\bullchicken\bc_die2.wav
valve\sound\bullchicken\bc_die3.wav
valve\sound\bullchicken\bc_idle1.wav
valve\sound\bullchicken\bc_idle2.wav
valve\sound\bullchicken\bc_idle3.wav
valve\sound\bullchicken\bc_idle4.wav
valve\sound\bullchicken\bc_idle5.wav
valve\sound\bullchicken\bc_pain1.wav
valve\sound\bullchicken\bc_pain2.wav
valve\sound\bullchicken\bc_pain3.wav
valve\sound\bullchicken\bc_pain4.wav
valve\sound\bullchicken\bc_attackgrowl.wav
valve\sound\bullchicken\bc_attackgrowl2.wav
valve\sound\bullchicken\bc_attackgrowl3.wav
valve\sound\bullchicken\bc_acid1.wav
valve\sound\bullchicken\bc_bite2.wav
valve\sound\bullchicken\bc_bite3.wav
valve\sound\bullchicken\bc_spithit1.wav
valve\sound\bullchicken\bc_spithit2.wav
valve\sound\ambience\aliencave1.wav
valve\sound\ambience\alienwind2.wav
valve\sound\ambience\alienvoices1.wav
valve\gfx\env\xen9rt.bmp
valve\gfx\env\xen9rt.bmp
valve\gfx\env\xen9bk.bmp
valve\gfx\env\xen9bk.bmp
valve\gfx\env\xen9lf.bmp
valve\gfx\env\xen9lf.bmp
valve\gfx\env\xen9ft.bmp
valve\gfx\env\xen9ft.bmp
valve\gfx\env\xen9up.bmp
valve\gfx\env\xen9up.bmp
valve\gfx\env\xen9dn.bmp
valve\gfx\env\xen9dn.bmp
