valve\sound\aslave\slv_word3.wav
valve\sound\scientist\yes3.wav
valve\sound\scientist\slowingyou.wav
valve\sound\scientist\letsgo.wav
valve\sound\scientist\whoresponsible.wav
valve\sound\scientist\sci_dragoff.wav
valve\sound\scientist\fellowscientist.wav
valve\sound\scientist\istay.wav
valve\sound\scientist\stop4.wav
valve\sound\aslave\slv_word4.wav
valve\sound\scientist\sci_fear2.wav
valve\sound\aslave\slv_word1.wav
valve\sound\aslave\slv_word6.wav
valve\sound\scientist\fine.wav
valve\sound\scientist\illwaithere.wav
valve\sound\scientist\stop3.wav
valve\sound\scientist\alright.wav
valve\sound\scientist\whyleavehere.wav
valve\sound\scientist\stop1.wav
valve\sound\aslave\slv_word7.wav
valve\sound\scientist\excellentteam.wav
valve\sound\scientist\illwait.wav
valve\sound\scientist\stop2.wav
valve\sound\scientist\hopeyouknow.wav
valve\sound\scientist\reconsider.wav
valve\sound\scientist\yesletsgo.wav
valve\sound\scientist\beenaburden.wav
valve\sound\aslave\slv_alert4.wav
valve\maps\c1a1b.bsp
valve\maps\graphs\c1a1b.nod
valve\sound\ambience\waterfall3.wav
valve\sound\fans\fan4.wav
valve\sound\houndeye\he_alert1.wav
valve\sound\houndeye\he_alert2.wav
valve\sound\houndeye\he_alert3.wav
valve\sound\houndeye\he_die1.wav
valve\sound\houndeye\he_die2.wav
valve\sound\houndeye\he_die3.wav
valve\sound\houndeye\he_idle1.wav
valve\sound\houndeye\he_idle2.wav
valve\sound\houndeye\he_idle3.wav
valve\sound\houndeye\he_hunt1.wav
valve\sound\houndeye\he_hunt2.wav
valve\sound\houndeye\he_hunt3.wav
valve\sound\houndeye\he_pain1.wav
valve\sound\houndeye\he_pain3.wav
valve\sound\houndeye\he_pain4.wav
valve\sound\houndeye\he_pain5.wav
valve\sound\houndeye\he_attack1.wav
valve\sound\houndeye\he_attack3.wav
valve\sound\houndeye\he_blast1.wav
valve\sound\houndeye\he_blast2.wav
valve\sound\houndeye\he_blast3.wav
valve\sound\ambience\flies.wav
valve\sound\doors\doorstop4.wav
valve\sound\plats\heavystop1.wav
valve\decals.wad,630076,8192
valve\decals.wad,574620,8192
