valve\sound\barney\ambush.wav
valve\media\suspense01.mp3
valve\sound\vox\damage.wav
valve\sound\vox\control.wav
valve\sound\vox\team.wav
valve\sound\vox\biological.wav
valve\sound\vox\forms.wav
valve\sound\vox\detected.wav
valve\sound\vox\evacuate.wav
valve\sound\vox\area.wav
valve\sound\vox\high.wav
valve\sound\vox\energy.wav
valve\sound\vox\detonation.wav
valve\sound\vox\field.wav
valve\sound\vox\bizwarn.wav
valve\sound\barney\ba_close.wav
valve\sound\barney\ba_stepoff.wav
valve\sound\vox\buzwarn.wav
valve\sound\vox\attention.wav
valve\sound\vox\security.wav
valve\sound\vox\sector.wav
valve\sound\vox\c.wav
valve\sound\vox\elevator.wav
valve\sound\vox\failure.wav
valve\sound\vox\_period.wav
valve\sound\vox\do.wav
valve\sound\vox\not.wav
valve\sound\vox\use.wav
valve\sound\vox\biohazard.wav
valve\sound\vox\warning.wav
valve\sound\vox\in.wav
valve\sound\vox\b.wav
valve\sound\vox\and.wav
valve\sound\vox\c.wav
valve\maps\c1a1f.bsp
valve\maps\graphs\c1a1f.nod
valve\sound\ambience\squeeks2.wav
valve\sound\Ambience\burning1.wav
valve\sound\doors\doormove9.wav
