valve\sound\barney\ba_dotoyou.wav
valve\decals.wad,162844,8192
valve\decals.wad,912240,8192
valve\decals.wad,910068,2172
valve\sound\barney\c1a1_ba_glad.wav
valve\decals.wad,907896,2172
valve\decals.wad,904024,3872
valve\sound\barney\ba_whoathere.wav
valve\sound\barney\ba_whatyou.wav
valve\sound\barney\ba_friends.wav
valve\sound\barney\ba_seethat.wav
valve\sound\barney\teamup1.wav
valve\sound\barney\illwait.wav
valve\sound\barney\letsmoveit.wav
valve\sound\barney\iwaithere.wav
valve\sound\barney\imwithyou.wav
valve\sound\barney\seeya.wav
valve\sound\barney\letsgo.wav
valve\sound\barney\slowingyoudown.wav
valve\sound\barney\gladtolendhand.wav
valve\sound\barney\standguard.wav
valve\sound\barney\dobettertogether.wav
valve\sound\barney\helpothers.wav
valve\sound\barney\teamup2.wav
valve\maps\c1a1.bsp
valve\maps\graphs\c1a1.nod
valve\sound\ambience\bigwarning.wav
valve\sound\scientist\scream1.wav
valve\sound\scientist\scream4.wav
valve\sound\zombie\zo_attack1.wav
valve\sound\zombie\zo_attack2.wav
valve\sound\zombie\zo_idle1.wav
valve\sound\zombie\zo_idle2.wav
valve\sound\zombie\zo_idle3.wav
valve\sound\zombie\zo_idle4.wav
valve\sound\zombie\zo_alert10.wav
valve\sound\zombie\zo_alert20.wav
valve\sound\zombie\zo_alert30.wav
valve\sound\zombie\zo_pain1.wav
valve\decals.wad,448808,8192
valve\decals.wad,422240,8192
valve\decals.wad,430432,8192
valve\decals.wad,442556,6252
