valve\sound\aslave\slv_word2.wav
valve\sound\barney\ba_seethat.wav
valve\sound\barney\letsmoveit.wav
valve\sound\barney\ba_another.wav
valve\sound\aslave\slv_word8.wav
valve\sound\aslave\slv_alert3.wav
valve\sound\scientist\peculiarmarks.wav
valve\sound\scientist\lambdalab.wav
valve\sound\barney\ba_buttugly.wav
valve\sound\aslave\slv_word5.wav
valve\sound\barney\ba_gotone.wav
valve\sound\barney\ambush.wav
valve\sound\barney\guyresponsible.wav
valve\sound\barney\ba_watchit.wav
valve\sound\barney\ba_endline.wav
valve\sound\barney\ba_iwish.wav
valve\sound\scientist\hellofromlab.wav
valve\sound\aslave\slv_word6.wav
valve\sound\scientist\c1a2_sci_transm.wav
valve\sound\aslave\slv_word1.wav
valve\sound\scientist\organicmatter.wav
valve\sound\scientist\c1a2_sci_darkroom.wav
valve\sound\scientist\containfail.wav
valve\sound\scientist\areyouthink.wav
valve\sound\scientist\noidea.wav
valve\sound\scientist\administrator.wav
valve\sound\scientist\newhevsuit.wav
valve\maps\c1a2a.bsp
valve\maps\graphs\c1a2a.nod
valve\sound\scientist\scream07.wav
valve\sound\scientist\scream05.wav
valve\sound\tentacle\te_roar2.wav
valve\sound\tentacle\te_swing2.wav
