valve\media\suspense01.mp3
valve\sound\fvox\fifty.wav
valve\sound\scientist\ipredictedthis.wav
valve\sound\scientist\iwounded2.wav
valve\sound\barney\survive.wav
valve\sound\barney\guyresponsible.wav
valve\sound\barney\bigmess.wav
valve\sound\scientist\sci_dragoff.wav
valve\sound\scientist\neverseen.wav
valve\sound\scientist\c1a2_sci_lounge.wav
valve\sound\scientist\whoresponsible.wav
valve\maps\c1a2.bsp
valve\maps\graphs\c1a2.nod
valve\sound\fans\fan1.wav
valve\sound\turret\tu_fire1.wav
valve\sound\turret\tu_ping.wav
valve\sound\turret\tu_active2.wav
valve\sound\turret\tu_die.wav
valve\sound\turret\tu_die2.wav
valve\sound\turret\tu_die3.wav
valve\sound\turret\tu_deploy.wav
valve\sound\turret\tu_spinup.wav
valve\sound\turret\tu_spindown.wav
valve\sound\turret\tu_search.wav
valve\sound\turret\tu_alert.wav
valve\sound\fans\fan5.wav
valve\sound\debris\zap5.wav
valve\sound\roach\rch_die.wav
valve\sound\roach\rch_walk.wav
valve\sound\roach\rch_smash.wav
valve\sound\debris\zap7.wav
valve\decals.wad,812644,3872
valve\sound\scientist\sci_fear9.wav
valve\sound\scientist\sci_fear11.wav
valve\sound\scientist\sci_fear4.wav
valve\sound\scientist\sci_fear5.wav
valve\sound\scientist\afellowsci.wav
valve\sound\scientist\iwounded.wav
