valve\media\suspense03.mp3
valve\sound\barney\heyfella.wav
valve\sound\barney\c1a2_ba_bullsquid.wav
valve\sound\barney\bigmess.wav
valve\sound\barney\luckwillturn.wav
valve\maps\c1a2b.bsp
valve\maps\graphs\c1a2b.nod
valve\decals.wad,552012,8192
valve\sound\barney\howyoudoing.wav
valve\sound\barney\coldone.wav
valve\sound\barney\survive.wav
valve\sound\barney\bigplace.wav
valve\sound\barney\imdead.wav
valve\sound\scientist\fascinating.wav
valve\sound\barney\dontbuyit.wav
valve\sound\barney\somethingstinky.wav
valve\sound\barney\yougotit.wav
valve\sound\scientist\rightwayout.wav
valve\sound\barney\cantfigure.wav
valve\sound\scientist\areyouthink.wav
valve\sound\barney\maybe.wav
valve\sound\barney\workingonstuff.wav
valve\sound\scientist\ofcourse.wav
valve\sound\scientist\rescueus.wav
valve\sound\barney\notelling.wav
valve\sound\barney\wayout.wav
valve\sound\barney\letsgo.wav
valve\sound\scientist\sci_fear1.wav
valve\sound\scientist\sci_fear14.wav
valve\sound\scientist\sci_fear8.wav
valve\sound\scientist\newhevsuit.wav
valve\sound\scientist\sci_fear12.wav
valve\sound\scientist\ridiculous.wav
valve\sound\scientist\peculiarmarks.wav
valve\sound\scientist\stimulating.wav
valve\sound\barney\dontguess.wav
valve\sound\scientist\hearsomething.wav
valve\sound\barney\alreadyasked.wav
valve\sound\scientist\ihearsomething.wav
valve\sound\scientist\c1a2_sci_dangling.wav
valve\sound\scientist\scream3.wav
valve\maps\c1a2b.bsp
valve\maps\graphs\c1a2b.nod
valve\decals.wad,552012,1492
