valve\media\half-life02.mp3
valve\sound\scientist\sci_fear15.wav
valve\sound\vox\this.wav
valve\sound\vox\announcement.wav
valve\sound\vox\system.wav
valve\sound\vox\now.wav
valve\sound\vox\under.wav
valve\sound\hgrunt\affirmative.wav
valve\sound\hgrunt\sir.wav
valve\sound\hgrunt\everything.wav
valve\sound\hgrunt\ok.wav
valve\sound\hgrunt\control.wav
valve\sound\hgrunt\gr_idle2.wav
valve\sound\hgrunt\there.wav
valve\sound\hgrunt\lookout.wav
valve\sound\hgrunt\post.wav
valve\sound\hgrunt\all.wav
valve\sound\hgrunt\quiet.wav
valve\sound\hgrunt\maintain.wav
valve\sound\scientist\c1a3_sci_rescued.wav
valve\sound\vox\black.wav
valve\sound\vox\mesa.wav
valve\sound\vox\extreme.wav
valve\maps\c1a3d.bsp
valve\halflife.wad,22707948,1492
valve\halflife.wad,23756028,22572
valve\halflife.wad,23913028,37532
valve\halflife.wad,116664,8192
valve\halflife.wad,1402584,8192
valve\halflife.wad,19757028,6252
valve\halflife.wad,22707948,8192
valve\halflife.wad,23756028,24576
valve\halflife.wad,23913028,40960
valve\halflife.wad,24178772,22572
valve\halflife.wad,37336496,6252
valve\maps\graphs\c1a3d.nod
valve\sound\plats\freightmove1.wav
valve\decals.wad,238348,8192
valve\decals.wad,246540,8192
