valve\media\half-life01.mp3
valve\sound\hgrunt\squad!.wav
valve\sound\hgrunt\of!.wav
valve\sound\hgrunt\god!.wav
valve\sound\hgrunt\take!.wav
valve\sound\hgrunt\this!.wav
valve\sound\hgrunt\we!.wav
valve\sound\hgrunt\got!.wav
valve\sound\hgrunt\hostiles!.wav
valve\sound\hgrunt\get!.wav
valve\sound\hgrunt\neutralize!.wav
valve\sound\hgrunt\freeman!.wav
valve\maps\c1a3b.bsp
valve\halflife.wad,11908492,29372
valve\halflife.wad,23022024,34812
valve\halflife.wad,28455192,22572
valve\halflife.wad,11911888,32768
valve\halflife.wad,20670796,4892
valve\halflife.wad,23022024,40960
valve\halflife.wad,23733456,22572
valve\halflife.wad,28455192,24576
valve\halflife.wad,28624680,34812
valve\halflife.wad,29209244,28352
valve\halflife.wad,32829672,34812
valve\halflife.wad,37526436,6252
valve\xeno.wad,2763808,1152
valve\halflife.wad,28659492,14340
valve\halflife.wad,29209244,32768
valve\halflife.wad,32829672,40960
valve\halflife.wad,37413352,8192
valve\halflife.wad,37526436,8192
valve\xeno.wad,2763808,8192
valve\maps\graphs\c1a3b.nod
valve\sound\weapons\mortar.wav
valve\sound\weapons\mortarhit.wav
valve\sound\apache\ap_rotor4.wav
valve\sound\ambience\sparks.wav
valve\gfx\env\duskrt.bmp
valve\gfx\env\duskrt.bmp
valve\gfx\env\duskbk.bmp
valve\gfx\env\duskbk.bmp
valve\gfx\env\dusklf.bmp
valve\gfx\env\dusklf.bmp
valve\gfx\env\duskft.bmp
valve\gfx\env\duskft.bmp
valve\gfx\env\duskup.bmp
valve\gfx\env\duskup.bmp
valve\gfx\env\duskdn.bmp
valve\gfx\env\duskdn.bmp
