valve\sound\hgrunt\move!.wav
valve\sound\hgrunt\in!.wav
valve\sound\scientist\sci_fear14.wav
valve\sound\hgrunt\go!.wav
valve\sound\hgrunt\recon!.wav
valve\sound\vox\alert.wav
valve\sound\vox\bravo.wav
valve\sound\vox\topside.wav
valve\sound\vox\for.wav
valve\sound\vox\force.wav
valve\sound\vox\immediate.wav
valve\sound\hgrunt\roger.wav
valve\sound\hgrunt\your.wav
valve\sound\hgrunt\zone.wav
valve\sound\hgrunt\gr_idle1.wav
valve\sound\hgrunt\squad.wav
valve\sound\vox\reports.wav
valve\sound\vox\hotel.wav
valve\sound\vox\sierra.wav
valve\sound\vox\mike.wav
valve\sound\vox\facility.wav
valve\sound\vox\is.wav
valve\sound\fvox\twenty.wav
valve\sound\hgrunt\movement.wav
valve\sound\hgrunt\no.wav
valve\sound\hgrunt\sign.wav
valve\sound\hgrunt\hostiles.wav
valve\sound\hgrunt\recon.wav
valve\sound\hgrunt\in.wav
valve\sound\hgrunt\position.wav
valve\sound\scientist\sci_fear6.wav
valve\sound\hgrunt\stay.wav
valve\sound\hgrunt\alert.wav
valve\sound\hgrunt\four.wav
valve\sound\hgrunt\freeman.wav
valve\sound\hgrunt\people.wav
valve\sound\scientist\smellburn.wav
valve\sound\hgrunt\in.wav
valve\sound\hgrunt\everything.wav
valve\sound\hgrunt\fire.wav
valve\sound\hgrunt\team.wav
valve\sound\hgrunt\objective.wav
valve\sound\hgrunt\foxtrot.wav
valve\sound\hgrunt\niner.wav
valve\sound\scientist\iwounded.wav
valve\sound\scientist\c1a3_sci_team.wav
valve\sound\vox\bravo.wav
valve\sound\hgrunt\lets!.wav
valve\sound\hgrunt\fire!.wav
valve\sound\hgrunt\the!.wav
valve\sound\hgrunt\oh!.wav
valve\sound\hgrunt\shit!.wav
valve\sound\scientist\sci_fear15.wav
valve\sound\hgrunt\movement!.wav
valve\sound\scientist\getoutalive.wav
valve\sound\hgrunt\move!.wav
valve\sound\hgrunt\shit!.wav
valve\sound\hgrunt\we!.wav
valve\sound\hgrunt\got!.wav
valve\sound\hgrunt\hostiles!.wav
valve\sound\hgrunt\take!.wav
valve\sound\hgrunt\this!.wav
valve\sound\hgrunt\lets!.wav
valve\sound\hgrunt\of!.wav
valve\sound\hgrunt\god!.wav
valve\sound\vox\search.wav
valve\sound\vox\destroy.wav
valve\sound\vox\force.wav
valve\sound\vox\secondary.wav
valve\sound\vox\objective.wav
valve\sound\vox\terminated.wav
valve\sound\hgrunt\recon.wav
valve\sound\hgrunt\gr_idle3.wav
valve\sound\hgrunt\down.wav
valve\sound\hgrunt\grenade!.wav
valve\sound\vox\secondary.wav
valve\sound\vox\objective.wav
valve\sound\vox\terminated.wav
valve\sound\hgrunt\sector.wav
valve\sound\hgrunt\secure.wav
valve\sound\hgrunt\delta.wav
valve\sound\hgrunt\team.wav
valve\sound\hgrunt\clear.wav
valve\sound\hgrunt\gr_idle2.wav
valve\sound\hgrunt\squad.wav
valve\sound\hgrunt\are.wav
valve\sound\hgrunt\in!.wav
valve\sound\vox\science.wav
valve\sound\vox\evacuate.wav
valve\sound\vox\high.wav
valve\sound\vox\storage.wav
valve\maps\c1a3a.bsp
valve\maps\graphs\c1a3a.nod
valve\decals.wad,202460,8192
valve\decals.wad,210652,8192
valve\decals.wad,218844,3120
