valve\sound\vox\all.wav
valve\sound\vox\attention.wav
valve\sound\vox\this.wav
valve\sound\scientist\c1a3_sci_silo1a.wav
valve\sound\vox\announcement.wav
valve\sound\vox\system.wav
valve\sound\vox\now.wav
valve\sound\vox\under.wav
valve\sound\vox\military.wav
valve\sound\vox\command.wav
valve\sound\scientist\c1a3_sci_silo2a.wav
valve\sound\vox\emergency.wav
valve\sound\vox\uranium.wav
valve\sound\vox\containment.wav
valve\sound\vox\team.wav
valve\sound\vox\d.wav
valve\sound\vox\extreme.wav
valve\sound\vox\atomic.wav
valve\sound\vox\biological.wav
valve\sound\vox\chemical.wav
valve\sound\vox\emergency.wav
valve\sound\vox\uranium.wav
valve\sound\vox\containment.wav
valve\sound\vox\team.wav
valve\sound\hgrunt\clik.wav
valve\sound\hgrunt\movement.wav
valve\sound\hgrunt\yessir.wav
valve\sound\hgrunt\radio.wav
valve\sound\hgrunt\check.wav
valve\sound\hgrunt\_comma.wav
valve\sound\hgrunt\over.wav
valve\sound\hgrunt\sir.wav
valve\sound\hgrunt\sweep.wav
valve\sound\hgrunt\that.wav
valve\sound\hgrunt\sector.wav
valve\sound\hgrunt\is.wav
valve\sound\hgrunt\uhh.wav
valve\sound\hgrunt\affirmative.wav
valve\sound\vox\deeoo.wav
valve\sound\vox\turret.wav
valve\sound\vox\maintenance.wav
valve\sound\vox\central.wav
valve\sound\vox\command.wav
valve\sound\vox\communication.wav
valve\sound\vox\center.wav
valve\sound\vox\evacuate.wav
valve\sound\vox\high.wav
valve\sound\vox\security.wav
valve\sound\vox\materials.wav
valve\sound\vox\storage.wav
valve\sound\vox\facility.wav
valve\sound\hgrunt\hg_sucks.wav
valve\sound\vox\prosecute.wav
valve\sound\vox\kilo.wav
valve\sound\vox\india.wav
valve\sound\vox\lima.wav
valve\sound\vox\with.wav
valve\sound\scientist\c1a4_sci_trust.wav
valve\maps\c1a3.bsp
valve\halflife.wad,30648,2172
valve\halflife.wad,107428,3532
valve\halflife.wad,306812,8972
valve\halflife.wad,317956,33452
valve\halflife.wad,1324652,2172
valve\halflife.wad,1393348,3532
valve\halflife.wad,1411820,2852
valve\halflife.wad,1524092,33452
valve\halflife.wad,2223980,6252
valve\halflife.wad,6286520,11692
valve\halflife.wad,7448640,8972
valve\halflife.wad,7783116,3872
valve\halflife.wad,7793240,6252
valve\halflife.wad,11096544,22572
valve\halflife.wad,11119116,22572
valve\halflife.wad,11369428,37532
valve\halflife.wad,11420012,17812
valve\halflife.wad,11479624,13052
valve\halflife.wad,11534288,28012
valve\halflife.wad,11562300,28012
valve\halflife.wad,11599284,8972
valve\halflife.wad,11608256,28012
valve\halflife.wad,11664280,8972
valve\halflife.wad,11673252,28012
valve\halflife.wad,11710236,28012
valve\halflife.wad,12295748,22572
valve\halflife.wad,18976268,10332
valve\halflife.wad,19763280,6252
valve\sound\hgrunt\gr_idle3.wav
valve\sound\vox\_period.wav
valve\sound\vox\all.wav
valve\sound\vox\military.wav
valve\sound\vox\atomic.wav
valve\sound\vox\biological.wav
valve\sound\vox\chemical.wav
valve\sound\vox\alert.wav
valve\sound\vox\kilo.wav
valve\sound\vox\india.wav
valve\sound\vox\lima.wav
valve\sound\vox\with.wav
valve\sound\scientist\c1a4_sci_trust.wav
valve\maps\c1a3.bsp
valve\halflife.wad,28476,8192
valve\halflife.wad,107428,8192
valve\halflife.wad,125900,8192
valve\halflife.wad,306812,16384
valve\halflife.wad,323196,32768
valve\halflife.wad,459140,8192
valve\halflife.wad,467984,8192
valve\halflife.wad,510652,8192
valve\halflife.wad,594948,8192
valve\halflife.wad,604864,1152
valve\halflife.wad,899688,8192
valve\halflife.wad,1324652,8192
valve\halflife.wad,1393348,8192
valve\halflife.wad,1411820,8192
valve\halflife.wad,1516828,8192
valve\halflife.wad,1525020,32768
valve\halflife.wad,1667188,8192
valve\halflife.wad,2225920,8192
valve\halflife.wad,2260680,6252
valve\halflife.wad,2299628,11692
valve\halflife.wad,2311320,7612
valve\halflife.wad,3759372,8192
valve\halflife.wad,3794132,6252
valve\halflife.wad,3816768,10872
valve\halflife.wad,3827640,7612
valve\halflife.wad,5186424,8192
valve\halflife.wad,5209492,8192
valve\halflife.wad,5219616,11692
valve\halflife.wad,5231308,7612
valve\halflife.wad,6286520,16384
valve\halflife.wad,6302904,8192
valve\halflife.wad,7353500,8192
valve\halflife.wad,7448640,16384
valve\halflife.wad,7465024,8192
valve\halflife.wad,7572756,8192
valve\halflife.wad,7582540,8192
valve\halflife.wad,7783116,8192
valve\halflife.wad,7791308,8192
valve\halflife.wad,7799500,8192
valve\halflife.wad,11096544,24576
valve\halflife.wad,11121120,24576
valve\halflife.wad,11145696,8192
valve\halflife.wad,11217280,17132
valve\halflife.wad,11369428,40960
valve\halflife.wad,11410388,16384
valve\halflife.wad,11426772,16384
valve\halflife.wad,11479624,16384
valve\halflife.wad,11534288,32768
valve\halflife.wad,11567056,24576
valve\halflife.wad,11599284,16384
valve\halflife.wad,11615668,24576
valve\halflife.wad,11640244,24576
valve\halflife.wad,11664820,16384
valve\halflife.wad,11681204,24576
valve\halflife.wad,11705780,8192
valve\halflife.wad,11713972,24576
valve\halflife.wad,12295748,24576
valve\halflife.wad,18976268,16384
valve\halflife.wad,19739632,8192
valve\halflife.wad,19747824,8192
valve\halflife.wad,19763280,8192
valve\halflife.wad,19782168,8192
valve\halflife.wad,19790360,3764
valve\halflife.wad,20011080,8192
valve\halflife.wad,20509868,6252
valve\halflife.wad,20663184,7612
valve\halflife.wad,20696616,8192
valve\halflife.wad,20749768,32768
valve\halflife.wad,20782536,19440
valve\halflife.wad,20940388,8192
valve\halflife.wad,21427956,2852
valve\halflife.wad,21483580,8192
valve\halflife.wad,21609808,8192
valve\halflife.wad,21758064,8192
valve\halflife.wad,22009868,8192
valve\halflife.wad,22174820,8192
valve\halflife.wad,22210444,16384
valve\halflife.wad,22323020,24576
valve\halflife.wad,22351844,8192
valve\halflife.wad,22620684,8192
valve\halflife.wad,22628876,8192
valve\halflife.wad,22647864,16384
valve\halflife.wad,22805620,8192
valve\halflife.wad,22906012,8192
valve\halflife.wad,23174152,16384
valve\halflife.wad,23190536,8192
valve\halflife.wad,23593172,24576
valve\halflife.wad,23625528,8192
valve\halflife.wad,23839892,8192
valve\halflife.wad,24067688,16384
valve\halflife.wad,24084072,8192
valve\halflife.wad,24201344,24576
valve\halflife.wad,24445064,8192
valve\halflife.wad,27754524,8192
valve\halflife.wad,27789504,8192
valve\halflife.wad,29452284,24576
valve\halflife.wad,29476860,16384
valve\halflife.wad,29493244,16384
valve\halflife.wad,30607600,1832
valve\halflife.wad,31179088,8192
valve\halflife.wad,31447848,16384
valve\halflife.wad,31531088,16384
valve\halflife.wad,32042860,24576
valve\halflife.wad,32067436,8192
valve\halflife.wad,33095964,14412
valve\halflife.wad,33640732,3532
valve\halflife.wad,36766280,8192
valve\halflife.wad,37089100,8192
valve\halflife.wad,37173624,49152
valve\halflife.wad,37351852,16384
valve\halflife.wad,37395088,8192
valve\halflife.wad,37403280,8192
valve\halflife.wad,37673236,8192
valve\halflife.wad,37762464,8192
valve\halflife.wad,37777536,2172
valve\maps\graphs\c1a3.nod
valve\sound\ambience\warn3.wav
valve\sound\items\suitcharge1.wav
valve\sound\items\suitchargeno1.wav
valve\sound\scientist\scream15.WAV
valve\sound\hgrunt\gr_mgun1.wav
valve\sound\hgrunt\gr_mgun2.wav
valve\sound\hgrunt\gr_die1.wav
valve\sound\hgrunt\gr_die2.wav
valve\sound\hgrunt\gr_die3.wav
valve\sound\hgrunt\gr_pain1.wav
valve\sound\hgrunt\gr_pain2.wav
valve\sound\hgrunt\gr_pain3.wav
valve\sound\hgrunt\gr_pain4.wav
valve\sound\hgrunt\gr_pain5.wav
valve\sound\hgrunt\gr_reload1.wav
valve\decals.wad,186076,16384
valve\decals.wad,221964,16384
