valve\media\half-life04.mp3
valve\sound\scientist\c1a4_sci_rocket.wav
valve\sound\scientist\c1a4_sci_tent.WAV
valve\sound\barney\c1a4_ba_wisp.wav
valve\maps\c1a4i.bsp
valve\halflife.wad,64004,6252
valve\halflife.wad,652688,3872
valve\halflife.wad,773044,6252
valve\halflife.wad,1020044,6252
valve\halflife.wad,1137528,6252
valve\halflife.wad,1213628,6252
valve\halflife.wad,1341424,6252
valve\halflife.wad,13018504,6252
valve\halflife.wad,14277792,3532
valve\halflife.wad,20631584,3872
valve\halflife.wad,21100072,17132
valve\halflife.wad,21189264,13052
valve\halflife.wad,22225536,28012
valve\halflife.wad,31888712,3532
valve\halflife.wad,32442112,36172
valve\halflife.wad,32997252,22572
valve\halflife.wad,36644932,22572
valve\maps\graphs\c1a4i.nod
valve\sound\tentacle\te_alert1.wav
valve\sound\tentacle\te_alert2.wav
valve\sound\tentacle\te_flies1.wav
valve\sound\tentacle\te_move1.wav
valve\sound\tentacle\te_move2.wav
valve\sound\tentacle\te_roar1.wav
valve\sound\tentacle\te_search1.wav
valve\sound\tentacle\te_search2.wav
valve\sound\tentacle\te_sing1.wav
valve\sound\tentacle\te_sing2.wav
valve\sound\tentacle\te_squirm2.wav
valve\sound\tentacle\te_strike1.wav
valve\sound\tentacle\te_strike2.wav
valve\sound\tentacle\te_swing1.wav
valve\sound\ambience\rocket_steam1.wav
valve\sound\ambience\biggun3.wav
valve\sound\ambience\rocketflame1.wav
valve\sound\ambience\rocket_groan4.wav
valve\sound\tentacle\te_death2.wav
