valve\media\suspense07.mp3
valve\media\half-life15.mp3
valve\sound\vox\main.wav
valve\sound\vox\power.wav
valve\sound\vox\on.wav
valve\sound\barney\c2a1_ba_hub1a.wav
valve\sound\barney\c2a1_ba_hub2a.wav
valve\maps\c2a1.bsp
valve\halflife.wad,2102168,6252
valve\halflife.wad,3635620,6252
valve\halflife.wad,5062672,6252
valve\halflife.wad,6187752,6252
valve\halflife.wad,10428364,6932
valve\halflife.wad,12267736,28012
valve\halflife.wad,13318080,17812
valve\halflife.wad,16613128,22572
valve\halflife.wad,16690912,55212
valve\halflife.wad,20478608,6252
valve\halflife.wad,21054116,17132
valve\halflife.wad,21563760,4212
valve\halflife.wad,23268876,6252
valve\halflife.wad,23527176,13052
valve\halflife.wad,23590320,2852
valve\halflife.wad,25938272,2172
valve\halflife.wad,27979408,7612
valve\halflife.wad,31153816,4892
valve\halflife.wad,31319824,2172
valve\halflife.wad,36538024,6932
valve\halflife.wad,37483352,6252
valve\maps\graphs\c2a1.nod
valve\sound\garg\gar_flameoff1.wav
valve\sound\garg\gar_flameon1.wav
valve\sound\garg\gar_flamerun1.wav
valve\sound\debris\metal4.wav
valve\sound\debris\metal6.wav
valve\sound\garg\gar_step1.wav
valve\sound\garg\gar_step2.wav
valve\sound\garg\gar_idle1.wav
valve\sound\garg\gar_idle2.wav
valve\sound\garg\gar_idle3.wav
valve\sound\garg\gar_idle4.wav
valve\sound\garg\gar_idle5.wav
valve\sound\garg\gar_alert1.wav
valve\sound\garg\gar_alert2.wav
valve\sound\garg\gar_alert3.wav
valve\sound\garg\gar_pain1.wav
valve\sound\garg\gar_pain2.wav
valve\sound\garg\gar_pain3.wav
valve\sound\garg\gar_attack1.wav
valve\sound\garg\gar_attack2.wav
valve\sound\garg\gar_attack3.wav
valve\sound\garg\gar_stomp1.wav
valve\sound\garg\gar_breathe1.wav
valve\sound\garg\gar_breathe2.wav
valve\sound\garg\gar_breathe3.wav
valve\sound\doors\doorstop1.wav
valve\sound\scientist\scream14.wav
valve\sound\debris\beamstart14.wav
valve\sound\ambience\squitch.wav
valve\sound\ambience\burning3.wav
valve\decals.wad,877108,8972
valve\decals.wad,463144,1492
valve\decals.wad,699092,4892
valve\decals.wad,654800,2172
