valve\sound\hgrunt\delta.wav
valve\sound\hgrunt\clear.wav
valve\sound\hgrunt\no.wav
valve\sound\hgrunt\sign.wav
valve\sound\hgrunt\hostiles.wav
valve\sound\hgrunt\alien!.wav
valve\sound\hgrunt\alert!.wav
valve\maps\c2a1a.bsp
valve\halflife.wad,868296,17132
valve\halflife.wad,3196668,22572
valve\halflife.wad,4712988,22572
valve\halflife.wad,13164004,68812
valve\halflife.wad,13232816,33452
valve\halflife.wad,13266268,51812
valve\halflife.wad,21028012,17132
valve\halflife.wad,21128896,17132
valve\halflife.wad,23342900,25292
valve\halflife.wad,25640928,3532
valve\halflife.wad,25835632,17132
valve\halflife.wad,28747096,8972
valve\halflife.wad,28768572,8972
valve\halflife.wad,30569088,1152
valve\halflife.wad,32727276,45012
valve\halflife.wad,34845092,22572
valve\maps\graphs\c2a1a.nod
valve\sound\fans\fan2.wav
valve\sound\leech\leech_bite1.wav
valve\sound\leech\leech_bite2.wav
valve\sound\leech\leech_bite3.wav
valve\sound\leech\leech_alert1.wav
valve\sound\leech\leech_alert2.wav
