valve\media\suspense01.mp3
valve\sound\scientist\c2a3_sci_icky.wav
valve\maps\c2a3a.bsp
valve\halflife.wad,2966188,17812
valve\halflife.wad,2984000,36172
valve\halflife.wad,4482508,17812
valve\halflife.wad,4500320,36172
valve\halflife.wad,5859524,36172
valve\halflife.wad,5895696,36172
valve\halflife.wad,6332532,2172
valve\halflife.wad,6638660,36172
valve\halflife.wad,8957236,22572
valve\halflife.wad,16541596,71532
valve\halflife.wad,20961392,11692
valve\halflife.wad,25030452,11692
valve\halflife.wad,27255448,3532
valve\halflife.wad,29089584,13052
valve\halflife.wad,30444668,8972
valve\halflife.wad,32071592,19852
valve\maps\graphs\c2a3a.nod
valve\sound\ichy\ichy_idle1.wav
valve\sound\ichy\ichy_idle2.wav
valve\sound\ichy\ichy_idle3.wav
valve\sound\ichy\ichy_idle4.wav
valve\sound\ichy\ichy_alert2.wav
valve\sound\ichy\ichy_alert3.wav
valve\sound\ichy\ichy_attack1.wav
valve\sound\ichy\ichy_attack2.wav
valve\sound\ichy\ichy_bite1.wav
valve\sound\ichy\ichy_bite2.wav
valve\sound\ichy\ichy_die2.wav
valve\sound\ichy\ichy_die4.wav
valve\sound\ichy\ichy_pain2.wav
valve\sound\ichy\ichy_pain3.wav
valve\sound\ichy\ichy_pain5.wav
