valve\media\suspense05.mp3
valve\sound\barney\c2a4_ba_alive.wav
valve\maps\c2a4d.bsp
valve\halflife.wad,200036,11692
valve\halflife.wad,724312,11692
valve\halflife.wad,991976,8972
valve\halflife.wad,1993464,34812
valve\halflife.wad,2386156,6252
valve\halflife.wad,3526916,34812
valve\halflife.wad,5306144,6252
valve\halflife.wad,10516328,13052
valve\halflife.wad,10542432,12712
valve\halflife.wad,13997428,28012
valve\halflife.wad,14076836,3532
valve\halflife.wad,14083900,22572
valve\halflife.wad,14129044,22572
valve\halflife.wad,14211984,28012
valve\halflife.wad,14297284,1832
valve\halflife.wad,14335760,34812
valve\halflife.wad,14423044,11692
valve\halflife.wad,14798096,17812
valve\halflife.wad,19622280,22572
valve\halflife.wad,36881000,2172
valve\halflife.wad,36905196,11012
valve\maps\graphs\c2a4d.nod
valve\sound\agrunt\ag_idle1.wav
valve\sound\agrunt\ag_idle2.wav
valve\sound\agrunt\ag_idle3.wav
valve\sound\agrunt\ag_idle4.wav
valve\sound\agrunt\ag_die1.wav
valve\sound\agrunt\ag_die4.wav
valve\sound\agrunt\ag_die5.wav
valve\sound\agrunt\ag_pain1.wav
valve\sound\agrunt\ag_pain2.wav
valve\sound\agrunt\ag_pain3.wav
valve\sound\agrunt\ag_pain4.wav
valve\sound\agrunt\ag_pain5.wav
valve\sound\agrunt\ag_attack1.wav
valve\sound\agrunt\ag_attack2.wav
valve\sound\agrunt\ag_attack3.wav
valve\sound\agrunt\ag_alert1.wav
valve\sound\agrunt\ag_alert3.wav
valve\sound\agrunt\ag_alert4.wav
valve\sound\agrunt\ag_alert5.wav
valve\sound\debris\beamstart3.wav
valve\sound\debris\zap2.wav
valve\sound\debris\beamstart8.wav
valve\sound\barney\c2a4_ba_steril.wav
