valve\sound\hgrunt\negative.wav
valve\sound\hgrunt\weapons.wav
valve\sound\scientist\c2a4_sci_surgury.wav
valve\sound\scientist\c2a4_sci_scanner.wav
valve\sound\scientist\c2a4_sci_sugicaloff.wav
valve\sound\barney\ba_uwish.wav
valve\sound\scientist\stopattacking.wav
valve\sound\barney\ba_endline.wav
valve\sound\barney\ba_somuch.wav
valve\sound\scientist\youinsane.wav
valve\sound\barney\ba_iwish.wav
valve\sound\scientist\c2a4_sci_letout.wav
valve\maps\c2a4e.bsp
valve\halflife.wad,398496,3532
valve\halflife.wad,798052,3532
valve\halflife.wad,14465184,6252
valve\halflife.wad,14830320,14412
valve\halflife.wad,21886412,28012
valve\halflife.wad,25084020,6252
valve\halflife.wad,25251996,49772
valve\maps\graphs\c2a4e.nod
valve\gfx\env\desertrt.bmp
valve\gfx\env\desertrt.bmp
valve\gfx\env\desertbk.bmp
valve\gfx\env\desertbk.bmp
valve\gfx\env\desertlf.bmp
valve\gfx\env\desertlf.bmp
valve\gfx\env\desertft.bmp
valve\gfx\env\desertft.bmp
valve\gfx\env\desertup.bmp
valve\gfx\env\desertup.bmp
valve\gfx\env\desertdn.bmp
valve\gfx\env\desertdn.bmp
