@reslists\Half-Life\c0a0.lst
@reslists\Half-Life\c0a0a.lst
@reslists\Half-Life\c0a0b.lst
@reslists\Half-Life\c0a0c.lst
@reslists\Half-Life\c0a0d.lst
@reslists\Half-Life\c0a0e.lst
@reslists\Half-Life\c1a0.lst
@reslists\Half-Life\c1a0a.lst
@reslists\Half-Life\c1a0b.lst
@reslists\Half-Life\c1a0c.lst
@reslists\Half-Life\c1a0d.lst
@reslists\Half-Life\c1a0e.lst
@reslists\Half-Life\c1a1.lst
@reslists\Half-Life\c1a1a.lst
@reslists\Half-Life\c1a1b.lst
@reslists\Half-Life\c1a1c.lst
@reslists\Half-Life\c1a1d.lst
@reslists\Half-Life\c1a1f.lst
@reslists\Half-Life\c1a2.lst
@reslists\Half-Life\c1a2a.lst
@reslists\Half-Life\c1a2b.lst
@reslists\Half-Life\c1a2c.lst
@reslists\Half-Life\c1a2d.lst
@reslists\Half-Life\c1a3.lst
@reslists\Half-Life\c1a3a.lst
@reslists\Half-Life\c1a3b.lst
@reslists\Half-Life\c1a3c.lst
@reslists\Half-Life\c1a3d.lst
@reslists\Half-Life\c1a4.lst
@reslists\Half-Life\c1a4b.lst
@reslists\Half-Life\c1a4d.lst
@reslists\Half-Life\c1a4e.lst
@reslists\Half-Life\c1a4f.lst
@reslists\Half-Life\c1a4g.lst
@reslists\Half-Life\c1a4i.lst
@reslists\Half-Life\c1a4j.lst
@reslists\Half-Life\c1a4k.lst
@reslists\Half-Life\c2a1.lst
@reslists\Half-Life\c2a1a.lst
@reslists\Half-Life\c2a1b.lst
@reslists\Half-Life\c2a2.lst
@reslists\Half-Life\c2a2a.lst
@reslists\Half-Life\c2a2b1.lst
@reslists\Half-Life\c2a2c.lst
@reslists\Half-Life\c2a2d.lst
@reslists\Half-Life\c2a2e.lst
@reslists\Half-Life\c2a2f.lst
@reslists\Half-Life\c2a2g.lst
@reslists\Half-Life\c2a2h.lst
@reslists\Half-Life\c2a3.lst
@reslists\Half-Life\c2a3a.lst
@reslists\Half-Life\c2a3b.lst
@reslists\Half-Life\c2a3c.lst
@reslists\Half-Life\c2a3d.lst
@reslists\Half-Life\c2a3e.lst
@reslists\Half-Life\c2a4.lst
@reslists\Half-Life\c2a4a.lst
@reslists\Half-Life\c2a4b.lst
@reslists\Half-Life\c2a4c.lst
@reslists\Half-Life\c2a4d.lst
@reslists\Half-Life\c2a4e.lst
@reslists\Half-Life\c2a4f.lst
@reslists\Half-Life\c2a4g.lst
@reslists\Half-Life\c2a5.lst
@reslists\Half-Life\c2a5a.lst
@reslists\Half-Life\c2a5b.lst
@reslists\Half-Life\c2a5c.lst
@reslists\Half-Life\c2a5d.lst
@reslists\Half-Life\c2a5e.lst
@reslists\Half-Life\c2a5f.lst
@reslists\Half-Life\c2a5g.lst
@reslists\Half-Life\c2a5w.lst
@reslists\Half-Life\c2a5x.lst
@reslists\Half-Life\c3a1.lst
@reslists\Half-Life\c3a1a.lst
@reslists\Half-Life\c3a1b.lst
@reslists\Half-Life\c3a2d.lst
@reslists\Half-Life\c3a2e.lst
@reslists\Half-Life\c4a1.lst
@reslists\Half-Life\c4a1f.lst
@reslists\Half-Life\c4a2.lst
@reslists\Half-Life\c4a3.lst
@reslists\Half-Life\c5a1.lst
@reslists\Half-Life\t0a0.lst
@reslists\Half-Life\t0a0a.lst
@reslists\Half-Life\t0a0b.lst
@reslists\Half-Life\t0a0b1.lst
@reslists\Half-Life\t0a0b2.lst
@reslists\Half-Life\t0a0c.lst
@reslists\Half-Life\t0a0d.lst
valve\maps\graphs\c2a2b2.nod
valve\maps\graphs\c3a1a.nod
valve\maps\graphs\c3a1b.nod
valve\maps\graphs\c3a2.nod
valve\maps\graphs\c3a2a.nod
valve\maps\graphs\c3a2b.nod
valve\maps\graphs\c3a2c.nod
valve\maps\graphs\c3a2d.nod
valve\maps\graphs\c3a2e.nod
valve\maps\graphs\c3a2f.nod
valve\maps\graphs\c4a1.nod
valve\maps\graphs\c4a1a.nod
valve\maps\graphs\c4a1b.nod
valve\maps\graphs\c4a1c.nod
valve\maps\graphs\c4a1d.nod
valve\maps\graphs\c4a1e.nod
valve\maps\graphs\c4a2.nod
valve\maps\graphs\c4a2a.nod
valve\maps\graphs\c4a2b.nod
valve\maps\graphs\c4a3.nod
@reslists\Half-Life\common_preloads.lst