valve\maps\stalkyard.bsp
valve\sound\ambience\crickets.wav
valve\sound\ambience\biggun1.wav
valve\halflife.wad,1733144,3532
valve\halflife.wad,3196668,22572
valve\halflife.wad,4712988,22572
valve\halflife.wad,6036020,22572
valve\halflife.wad,7709168,22572
valve\halflife.wad,12239724,28012
valve\halflife.wad,13480900,8972
valve\halflife.wad,19811256,17132
valve\halflife.wad,19845520,13052
valve\halflife.wad,22051988,8972
valve\halflife.wad,28044800,22572
valve\halflife.wad,30073508,1492
valve\halflife.wad,30583272,8972
valve\halflife.wad,31377980,8972
valve\halflife.wad,33913560,22572
valve\halflife.wad,33971208,22572
valve\halflife.wad,34845092,22572
valve\halflife.wad,35160268,3532
valve\halflife.wad,37092832,4892
valve\gfx\env\nightrt.bmp
valve\gfx\env\nightrt.bmp
valve\gfx\env\nightbk.bmp
valve\gfx\env\nightbk.bmp
valve\gfx\env\nightlf.bmp
valve\gfx\env\nightlf.bmp
valve\gfx\env\nightft.bmp
valve\gfx\env\nightft.bmp
valve\gfx\env\nightup.bmp
valve\gfx\env\nightup.bmp
valve\gfx\env\nightdn.bmp
valve\gfx\env\nightdn.bmp
