valve\sound\holo\tr_holo_leadguard.wav
valve\sound\holo\tr_ba_use.wav
valve\sound\vox\access.wav
valve\sound\vox\denied.wav
valve\sound\barney\ba_somuch.wav
valve\sound\barney\ba_tomb.wav
valve\sound\barney\ba_iwish.wav
valve\sound\scientist\whatyoudoing.wav
valve\sound\scientist\stopattacking.wav
valve\sound\scientist\youinsane.wav
valve\sound\barney\donthurtem.wav
valve\sound\barney\leavealone.wav
valve\sound\barney\ba_pissme.wav
valve\sound\barney\ba_dotoyou.wav
valve\sound\barney\ba_friends.wav
valve\sound\barney\ba_whatyou.wav
valve\sound\barney\ba_stepoff.wav
valve\sound\barney\ba_dontmake.wav
valve\sound\holo\tr_holo_usetrain.wav
valve\sound\barney\ba_endline.wav
valve\sound\barney\ba_uwish.wav
valve\sound\fvox\ammo_depleted.wav
valve\sound\fvox\blood_loss.wav
valve\maps\t0a0d.bsp
valve\maps\graphs\t0a0d.nod
valve\sound\ambience\techamb1.wav
valve\sound\buttons\button10.wav
valve\sound\plats\ttrain7.wav
valve\sound\plats\ttrain_brake1.wav
valve\sound\plats\ttrain_start1.wav
valve\sound\buttons\spark1.wav
valve\sound\buttons\spark2.wav
valve\sound\buttons\spark3.wav
valve\sound\buttons\spark4.wav
valve\sound\holo\tr_holo_done.wav
valve\sound\turret\tu_fire1.wav
valve\sound\turret\tu_ping.wav
valve\sound\turret\tu_active2.wav
valve\sound\turret\tu_die.wav
valve\sound\turret\tu_die2.wav
valve\sound\turret\tu_die3.wav
valve\sound\turret\tu_deploy.wav
valve\sound\turret\tu_spinup.wav
valve\sound\turret\tu_spindown.wav
valve\sound\turret\tu_search.wav
valve\sound\turret\tu_alert.wav
valve\sound\buttons\lightswitch2.wav
valve\gfx\env\desertrt.bmp
valve\gfx\env\desertrt.bmp
valve\gfx\env\desertbk.bmp
valve\gfx\env\desertbk.bmp
valve\gfx\env\desertlf.bmp
valve\gfx\env\desertlf.bmp
valve\gfx\env\desertft.bmp
valve\gfx\env\desertft.bmp
valve\gfx\env\desertup.bmp
valve\gfx\env\desertup.bmp
valve\gfx\env\desertdn.bmp
valve\gfx\env\desertdn.bmp
