valve\sound\holo\tr_holo_ladder.wav
valve\sound\holo\tr_holo_3jumps.wav
valve\sound\holo\tr_holo_longjump.wav
valve\sound\fvox\blip.wav
valve\sound\fvox\powermove_on.wav
valve\sound\holo\tr_holo_startlift.wav
valve\sound\holo\tr_holo_medkit.wav
valve\sound\fvox\boop.wav
valve\sound\fvox\major_fracture.wav
valve\sound\fvox\automedic_on.wav
valve\sound\fvox\hiss.wav
valve\sound\fvox\morphine_shot.wav
valve\decals.wad,904024,3872
valve\sound\holo\tr_holo_spinbridge.wav
valve\maps\t0a0a.bsp
valve\sound\plats\freightmove1.wav
valve\sound\plats\freightstop1.wav
valve\sound\items\medshot4.wav
valve\sound\items\medshotno1.wav
valve\sound\items\medcharge4.wav
valve\sound\buttons\lever1.wav
valve\sound\debris\pushbox1.wav
valve\sound\debris\pushbox2.wav
valve\sound\debris\pushbox3.wav
valve\sound\debris\bustcrate1.wav
valve\sound\debris\bustcrate2.wav
valve\sound\holo\tr_holo_keeptrying.wav
valve\sound\holo\tr_holo_fallshort.wav
valve\sound\holo\tr_holo_greatwork.wav
valve\sound\holo\tr_holo_jumpdown.wav
valve\sound\holo\tr_holo_fantastic.wav
valve\decals.wad,114416,3872
valve\decals.wad,129904,6252
valve\decals.wad,839616,6252
