valve\sound\holo\tr_holo_jumpgap.wav
valve\sound\holo\tr_holo_pushbox.wav
valve\sound\holo\tr_holo_pullbox.wav
valve\sound\holo\tr_holo_breakbox.wav
valve\decals.wad,791020,1152
valve\sound\buttons\blip1.wav
valve\sound\fvox\fuzz.wav
valve\sound\fvox\power_restored.wav
valve\sound\fvox\fifteen.wav
valve\sound\fvox\percent.wav
valve\sound\fvox\thirty.wav
valve\sound\fvox\fourty.wav
valve\sound\fvox\five.wav
valve\sound\fvox\sixty.wav
valve\sound\fvox\seventy.wav
valve\sound\fvox\ninety.wav
valve\maps\t0a0b1.bsp
valve\sound\buttons\button2.wav
valve\sound\buttons\button3.wav
valve\sound\barney\ba_attack1.wav
valve\sound\barney\ba_attack2.wav
valve\sound\barney\ba_pain1.wav
valve\sound\barney\ba_pain2.wav
valve\sound\barney\ba_pain3.wav
valve\sound\barney\ba_die1.wav
valve\sound\barney\ba_die2.wav
valve\sound\barney\ba_die3.wav
valve\sound\holo\tr_holo_flashlight.wav
valve\sound\holo\tr_holo_lightoff.wav
valve\sound\debris\bustmetal1.wav
valve\sound\debris\bustmetal2.wav
valve\decals.wad,353536,3532
valve\decals.wad,163996,3532
